[debug] [2026-08-19T17:06:47.486Z] ----------------------------------------------------------------------
[debug] [2026-08-19T17:06:47.487Z] Command:       /opt/homebrew/Cellar/node/25.2.1/bin/node /opt/homebrew/bin/firebase deploy
[debug] [2026-08-19T17:06:47.488Z] CLI Version:   15.0.0
[debug] [2026-08-19T17:06:47.488Z] Platform:      darwin
[debug] [2026-08-19T17:06:47.488Z] Node Version:  v25.2.1
[debug] [2026-08-19T17:06:47.488Z] Time:          Wed Aug 19 2026 14:06:47 GMT-0300 (Argentina Standard Time)
[debug] [2026-08-19T17:06:47.488Z] ----------------------------------------------------------------------
[debug] 
[debug] [2026-08-19T17:06:48.116Z] > command requires scopes: ["email","openid","https://www.googleapis.com/auth/cloudplatformprojects.readonly","https://www.googleapis.com/auth/firebase","https://www.googleapis.com/auth/cloud-platform"]
[debug] [2026-08-19T17:06:48.116Z] > authorizing via signed-in user (juliomanzano1996@gmail.com)
[debug] [2026-08-19T17:06:48.116Z] [iam] checking project local-city-1d9fd for permissions ["firebase.projects.get","firebasehosting.sites.update"]
[debug] [2026-08-19T17:06:48.116Z] Checked if tokens are valid: false, expires at: 1787126057072
[debug] [2026-08-19T17:06:48.116Z] Checked if tokens are valid: false, expires at: 1787126057072
[debug] [2026-08-19T17:06:48.116Z] > refreshing access token with scopes: []
[debug] [2026-08-19T17:06:48.117Z] >>> [apiv2][query] POST https://www.googleapis.com/oauth2/v3/token [none]
[debug] [2026-08-19T17:06:48.117Z] >>> [apiv2][body] POST https://www.googleapis.com/oauth2/v3/token [omitted]
[debug] [2026-08-19T17:06:48.294Z] <<< [apiv2][status] POST https://www.googleapis.com/oauth2/v3/token 200
[debug] [2026-08-19T17:06:48.294Z] <<< [apiv2][body] POST https://www.googleapis.com/oauth2/v3/token [omitted]
[debug] [2026-08-19T17:06:48.316Z] >>> [apiv2][query] POST https://cloudresourcemanager.googleapis.com/v1/projects/local-city-1d9fd:testIamPermissions [none]
[debug] [2026-08-19T17:06:48.316Z] >>> [apiv2][(partial)header] POST https://cloudresourcemanager.googleapis.com/v1/projects/local-city-1d9fd:testIamPermissions x-goog-quota-user=projects/local-city-1d9fd
[debug] [2026-08-19T17:06:48.316Z] >>> [apiv2][body] POST https://cloudresourcemanager.googleapis.com/v1/projects/local-city-1d9fd:testIamPermissions {"permissions":["firebase.projects.get","firebasehosting.sites.update"]}
[debug] [2026-08-19T17:06:49.219Z] <<< [apiv2][status] POST https://cloudresourcemanager.googleapis.com/v1/projects/local-city-1d9fd:testIamPermissions 200
[debug] [2026-08-19T17:06:49.219Z] <<< [apiv2][body] POST https://cloudresourcemanager.googleapis.com/v1/projects/local-city-1d9fd:testIamPermissions {"permissions":["firebase.projects.get","firebasehosting.sites.update"]}
[debug] [2026-08-19T17:06:49.220Z] Checked if tokens are valid: true, expires at: 1787162807295
[debug] [2026-08-19T17:06:49.220Z] Checked if tokens are valid: true, expires at: 1787162807295
[debug] [2026-08-19T17:06:49.220Z] >>> [apiv2][query] GET https://firebase.googleapis.com/v1beta1/projects/local-city-1d9fd [none]
